Archive member included to satisfy reference by file (symbol)

c:/program files (x86)/atmel/studio/7.0/toolchain/avr8/avr8-gnu-toolchain/bin/../lib/gcc/avr/5.4.0/avr5\libgcc.a(_udivmodhi4.o)
                              SERVICES/Timers_Services.o (__udivmodhi4)
c:/program files (x86)/atmel/studio/7.0/toolchain/avr8/avr8-gnu-toolchain/bin/../lib/gcc/avr/5.4.0/avr5\libgcc.a(_udivmodsi4.o)
                              HAl/Sensors.o (__udivmodsi4)
c:/program files (x86)/atmel/studio/7.0/toolchain/avr8/avr8-gnu-toolchain/bin/../lib/gcc/avr/5.4.0/avr5\libgcc.a(_divmodsi4.o)
                              HAl/LCD.o (__divmodsi4)
c:/program files (x86)/atmel/studio/7.0/toolchain/avr8/avr8-gnu-toolchain/bin/../lib/gcc/avr/5.4.0/avr5\libgcc.a(_negsi2.o)
                              c:/program files (x86)/atmel/studio/7.0/toolchain/avr8/avr8-gnu-toolchain/bin/../lib/gcc/avr/5.4.0/avr5\libgcc.a(_divmodsi4.o) (__negsi2)
c:/program files (x86)/atmel/studio/7.0/toolchain/avr8/avr8-gnu-toolchain/bin/../lib/gcc/avr/5.4.0/avr5\libgcc.a(_exit.o)
                              C:/Program Files (x86)/Atmel/Studio/7.0/Packs/atmel/ATmega_DFP/1.7.374/gcc/dev/atmega32/avr5/crtatmega32.o (exit)
c:/program files (x86)/atmel/studio/7.0/toolchain/avr8/avr8-gnu-toolchain/bin/../lib/gcc/avr/5.4.0/avr5\libgcc.a(_copy_data.o)
                              CFG/DIO_Cfg.o (__do_copy_data)
c:/program files (x86)/atmel/studio/7.0/toolchain/avr8/avr8-gnu-toolchain/bin/../lib/gcc/avr/5.4.0/avr5\libgcc.a(_clear_bss.o)
                              main.o (__do_clear_bss)
c:/program files (x86)/atmel/studio/7.0/toolchain/avr8/avr8-gnu-toolchain/bin/../lib/gcc/avr/5.4.0/avr5\libgcc.a(_umulhisi3.o)
                              HAl/LCD.o (__umulhisi3)
c:/program files (x86)/atmel/studio/7.0/toolchain/avr8/avr8-gnu-toolchain/bin/../lib/gcc/avr/5.4.0/avr5\libgcc.a(_muluhisi3.o)
                              SERVICES/Timers_Services.o (__muluhisi3)

Discarded input sections

 .data          0x00000000        0x0 C:/Program Files (x86)/Atmel/Studio/7.0/Packs/atmel/ATmega_DFP/1.7.374/gcc/dev/atmega32/avr5/crtatmega32.o
 .bss           0x00000000        0x0 C:/Program Files (x86)/Atmel/Studio/7.0/Packs/atmel/ATmega_DFP/1.7.374/gcc/dev/atmega32/avr5/crtatmega32.o
 .text          0x00000000        0x0 CFG/DIO_Cfg.o
 .data          0x00000000        0x0 CFG/DIO_Cfg.o
 .bss           0x00000000        0x0 CFG/DIO_Cfg.o
 .text          0x00000000        0x0 CFG/EX_Interrupt_Cfg.o
 .data          0x00000000        0x0 CFG/EX_Interrupt_Cfg.o
 .bss           0x00000000        0x0 CFG/EX_Interrupt_Cfg.o
 .text.EX_func1
                0x00000000        0x2 CFG/EX_Interrupt_Cfg.o
 .text.LIN_CallOut
                0x00000000        0x2 CFG/EX_Interrupt_Cfg.o
 .debug_info    0x00000000       0xb0 CFG/EX_Interrupt_Cfg.o
 .debug_abbrev  0x00000000       0x7c CFG/EX_Interrupt_Cfg.o
 .debug_loc     0x00000000       0x21 CFG/EX_Interrupt_Cfg.o
 .debug_aranges
                0x00000000       0x28 CFG/EX_Interrupt_Cfg.o
 .debug_ranges  0x00000000       0x18 CFG/EX_Interrupt_Cfg.o
 .debug_line    0x00000000       0x6c CFG/EX_Interrupt_Cfg.o
 .debug_str     0x00000000      0x164 CFG/EX_Interrupt_Cfg.o
 .comment       0x00000000       0x31 CFG/EX_Interrupt_Cfg.o
 .debug_frame   0x00000000       0x34 CFG/EX_Interrupt_Cfg.o
 .text          0x00000000        0x0 HAl/KeyPad.o
 .data          0x00000000        0x0 HAl/KeyPad.o
 .bss           0x00000000        0x0 HAl/KeyPad.o
 .text.KEYPAD_GetKey
                0x00000000       0x8e HAl/KeyPad.o
 .rodata.KeysArr
                0x00000000       0x10 HAl/KeyPad.o
 .text          0x00000000        0x0 HAl/LCD.o
 .data          0x00000000        0x0 HAl/LCD.o
 .bss           0x00000000        0x0 HAl/LCD.o
 .text.LCD_Clear
                0x00000000       0x14 HAl/LCD.o
 .text.LCD_Write_4D
                0x00000000      0x142 HAl/LCD.o
 .text.LCD_WriteBinary
                0x00000000       0x2e HAl/LCD.o
 .text.LCD_WriteStringGoto
                0x00000000       0x16 HAl/LCD.o
 .text.LCD_ClearPosition
                0x00000000       0x20 HAl/LCD.o
 .text.LCD_CustomChar
                0x00000000       0x3a HAl/LCD.o
 .text.LCD_WriteHex
                0x00000000       0x3c HAl/LCD.o
 .text          0x00000000        0x0 HAl/MOTOR.o
 .data          0x00000000        0x0 HAl/MOTOR.o
 .bss           0x00000000        0x0 HAl/MOTOR.o
 .text.MOTOR_Init
                0x00000000        0x2 HAl/MOTOR.o
 .text.MOTOR_Stop
                0x00000000       0x26 HAl/MOTOR.o
 .text.MOTOR_CW
                0x00000000       0x58 HAl/MOTOR.o
 .text.MOTOR_CCW
                0x00000000       0x2e HAl/MOTOR.o
 .text.MOTOR_Speed
                0x00000000        0x2 HAl/MOTOR.o
 .data.MotorPinsArr2
                0x00000000        0x8 HAl/MOTOR.o
 .data.MotorPinsArr
                0x00000000        0x8 HAl/MOTOR.o
 .debug_info    0x00000000      0x413 HAl/MOTOR.o
 .debug_abbrev  0x00000000      0x14a HAl/MOTOR.o
 .debug_loc     0x00000000       0xf6 HAl/MOTOR.o
 .debug_aranges
                0x00000000       0x40 HAl/MOTOR.o
 .debug_ranges  0x00000000       0x30 HAl/MOTOR.o
 .debug_line    0x00000000      0x156 HAl/MOTOR.o
 .debug_str     0x00000000      0x29b HAl/MOTOR.o
 .comment       0x00000000       0x31 HAl/MOTOR.o
 .debug_frame   0x00000000       0x70 HAl/MOTOR.o
 .text          0x00000000        0x0 HAl/Sensors.o
 .data          0x00000000        0x0 HAl/Sensors.o
 .bss           0x00000000        0x0 HAl/Sensors.o
 .text.PRESS_Read
                0x00000000       0x30 HAl/Sensors.o
 .text.POT_Read
                0x00000000        0x2 HAl/Sensors.o
 .text          0x00000000        0x0 main.o
 .data          0x00000000        0x0 main.o
 .bss           0x00000000        0x0 main.o
 .text          0x00000000        0x0 MCAL/ADC.o
 .data          0x00000000        0x0 MCAL/ADC.o
 .bss           0x00000000        0x0 MCAL/ADC.o
 .text.ADC_StartConversion
                0x00000000       0x22 MCAL/ADC.o
 .text.ADC_GetRead
                0x00000000        0xa MCAL/ADC.o
 .text.ADC_GetReadPerodic
                0x00000000       0x1a MCAL/ADC.o
 .text.ADC_GetReadNoblock
                0x00000000        0x6 MCAL/ADC.o
 .bss.ADC_BusyFlag
                0x00000000        0x1 MCAL/ADC.o
 .text          0x00000000        0x0 MCAL/DIO.o
 .data          0x00000000        0x0 MCAL/DIO.o
 .bss           0x00000000        0x0 MCAL/DIO.o
 .text.DIO_InitPin2
                0x00000000      0x1c0 MCAL/DIO.o
 .text.DIO_ReadPin
                0x00000000       0x66 MCAL/DIO.o
 .text.DIO_WritePort
                0x00000000       0x20 MCAL/DIO.o
 .text          0x00000000        0x0 MCAL/EEPROM.o
 .data          0x00000000        0x0 MCAL/EEPROM.o
 .bss           0x00000000        0x0 MCAL/EEPROM.o
 .text          0x00000000        0x0 MCAL/EX_Interrupt.o
 .data          0x00000000        0x0 MCAL/EX_Interrupt.o
 .bss           0x00000000        0x0 MCAL/EX_Interrupt.o
 .text.EXI_Disable
                0x00000000       0x24 MCAL/EX_Interrupt.o
 .text          0x00000000        0x0 MCAL/SPI.o
 .data          0x00000000        0x0 MCAL/SPI.o
 .bss           0x00000000        0x0 MCAL/SPI.o
 .text.SPI_Init
                0x00000000        0xe MCAL/SPI.o
 .text.SPI_SendReceive
                0x00000000        0xa MCAL/SPI.o
 .debug_info    0x00000000       0xc1 MCAL/SPI.o
 .debug_abbrev  0x00000000       0x7a MCAL/SPI.o
 .debug_loc     0x00000000       0x1f MCAL/SPI.o
 .debug_aranges
                0x00000000       0x28 MCAL/SPI.o
 .debug_ranges  0x00000000       0x18 MCAL/SPI.o
 .debug_line    0x00000000       0x82 MCAL/SPI.o
 .debug_str     0x00000000      0x187 MCAL/SPI.o
 .comment       0x00000000       0x31 MCAL/SPI.o
 .debug_frame   0x00000000       0x34 MCAL/SPI.o
 .text          0x00000000        0x0 MCAL/Timers.o
 .data          0x00000000        0x0 MCAL/Timers.o
 .bss           0x00000000        0x0 MCAL/Timers.o
 .text.TIMER0_Init
                0x00000000       0x54 MCAL/Timers.o
 .text.TIMER0_OC0Mode
                0x00000000       0x48 MCAL/Timers.o
 .text.TIMER0_OV_InterruptEnable
                0x00000000        0x8 MCAL/Timers.o
 .text.TIMER0_OV_InterruptDisable
                0x00000000        0x8 MCAL/Timers.o
 .text.TIMER0_OC_InterruptEnable
                0x00000000        0x8 MCAL/Timers.o
 .text.TIMER0_OC_InterruptDisable
                0x00000000        0x8 MCAL/Timers.o
 .text.Timer1_OCRA1Mode
                0x00000000       0x48 MCAL/Timers.o
 .text.Timer1_OCRB1Mode
                0x00000000       0x48 MCAL/Timers.o
 .text.Timer1_InputCaptureEdge
                0x00000000       0x18 MCAL/Timers.o
 .text.Timer1_ICU_InterruptEnable
                0x00000000        0x8 MCAL/Timers.o
 .text.Timer1_ICU_InterruptDisable
                0x00000000        0x8 MCAL/Timers.o
 .text.Timer1_OVF_InterruptDisable
                0x00000000        0x8 MCAL/Timers.o
 .text.Timer1_OCA_InterruptEnable
                0x00000000        0x8 MCAL/Timers.o
 .text.Timer1_OCA_InterruptDisable
                0x00000000        0x8 MCAL/Timers.o
 .text.Timer1_OCB_InterruptEnable
                0x00000000        0x8 MCAL/Timers.o
 .text.Timer1_OCB_InterruptDisable
                0x00000000        0x8 MCAL/Timers.o
 .text.Timer1_OCA_SetCallBack
                0x00000000        0xa MCAL/Timers.o
 .text.Timer1_OCB_SetCallBack
                0x00000000        0xa MCAL/Timers.o
 .text.Timer1_ICU_SetCallBack
                0x00000000        0xa MCAL/Timers.o
 .text          0x00000000        0x0 MCAL/UART.o
 .data          0x00000000        0x0 MCAL/UART.o
 .bss           0x00000000        0x0 MCAL/UART.o
 .text.UART_Send
                0x00000000        0x8 MCAL/UART.o
 .text.UART_SendNoBlock
                0x00000000        0x4 MCAL/UART.o
 .text.UART_ReceiveNoBlock
                0x00000000        0x4 MCAL/UART.o
 .text.UART_Receive
                0x00000000        0x8 MCAL/UART.o
 .text.UART_ReceivePerodic
                0x00000000       0x16 MCAL/UART.o
 .text.UART_RX_InterruptEnable
                0x00000000        0x8 MCAL/UART.o
 .text.UART_RX_InterruptDisable
                0x00000000        0x8 MCAL/UART.o
 .text.UART_TX_InterruptEnable
                0x00000000        0x8 MCAL/UART.o
 .text.UART_TX_InterruptDisable
                0x00000000        0x8 MCAL/UART.o
 .text.UART_RX_SetCallBack
                0x00000000        0xa MCAL/UART.o
 .text.UART_TX_SetCallBack
                0x00000000        0xa MCAL/UART.o
 .text          0x00000000        0x0 SERVICES/Timers_Services.o
 .data          0x00000000        0x0 SERVICES/Timers_Services.o
 .bss           0x00000000        0x0 SERVICES/Timers_Services.o
 .text.Timer_func
                0x00000000       0x5c SERVICES/Timers_Services.o
 .text.Func_ICU
                0x00000000       0x82 SERVICES/Timers_Services.o
 .text.PWM_Freq_KHZ
                0x00000000       0x24 SERVICES/Timers_Services.o
 .text.PWM_Freq_HZ
                0x00000000       0x2c SERVICES/Timers_Services.o
 .text.PWM_Duty
                0x00000000       0x34 SERVICES/Timers_Services.o
 .text.Timer1_SetInterruptTime_ms
                0x00000000       0x26 SERVICES/Timers_Services.o
 .text.Timer1_SetInterruptTime_us
                0x00000000       0x12 SERVICES/Timers_Services.o
 .text.PWM_Measure2
                0x00000000       0xc0 SERVICES/Timers_Services.o
 .text.PWM_Measure
                0x00000000      0x100 SERVICES/Timers_Services.o
 .text.Timer1_SetInterruptTime_s
                0x00000000       0x60 SERVICES/Timers_Services.o
 .bss.c.2025    0x00000000        0x4 SERVICES/Timers_Services.o
 .bss.fptr_timer
                0x00000000        0x2 SERVICES/Timers_Services.o
 .bss.NofOverFlow
                0x00000000        0x4 SERVICES/Timers_Services.o
 .bss.flag      0x00000000        0x2 SERVICES/Timers_Services.o
 .bss.t3        0x00000000        0x2 SERVICES/Timers_Services.o
 .bss.t2        0x00000000        0x2 SERVICES/Timers_Services.o
 .bss.t1        0x00000000        0x2 SERVICES/Timers_Services.o
 .debug_info    0x00000000      0x737 SERVICES/Timers_Services.o
 .debug_abbrev  0x00000000      0x1e5 SERVICES/Timers_Services.o
 .debug_loc     0x00000000      0x582 SERVICES/Timers_Services.o
 .debug_aranges
                0x00000000       0x68 SERVICES/Timers_Services.o
 .debug_ranges  0x00000000       0x58 SERVICES/Timers_Services.o
 .debug_line    0x00000000      0x3ca SERVICES/Timers_Services.o
 .debug_str     0x00000000      0x549 SERVICES/Timers_Services.o
 .comment       0x00000000       0x31 SERVICES/Timers_Services.o
 .debug_frame   0x00000000      0x12c SERVICES/Timers_Services.o
 .text          0x00000000        0x0 SERVICES/UART_Services.o
 .data          0x00000000        0x0 SERVICES/UART_Services.o
 .bss           0x00000000        0x0 SERVICES/UART_Services.o
 .text.UART_SendString
                0x00000000       0x26 SERVICES/UART_Services.o
 .text.UART_ReceiveString
                0x00000000       0x42 SERVICES/UART_Services.o
 .text.UART_SendNumber
                0x00000000       0x2c SERVICES/UART_Services.o
 .text.UART_ReceiveNumber
                0x00000000       0x68 SERVICES/UART_Services.o
 .text.UART_SendNumber2
                0x00000000       0x3a SERVICES/UART_Services.o
 .text.UART_ReceiveNumber2
                0x00000000       0x3a SERVICES/UART_Services.o
 .text.endian_check
                0x00000000        0x4 SERVICES/UART_Services.o
 .text.endian_convert_u16
                0x00000000        0x8 SERVICES/UART_Services.o
 .text.endian_convert_u32
                0x00000000       0x62 SERVICES/UART_Services.o
 .text.endian_convert_u32_2
                0x00000000       0x38 SERVICES/UART_Services.o
 .text.UART_SendStringCheckSum
                0x00000000       0x58 SERVICES/UART_Services.o
 .text.UART_ReceiveStringCheckSum
                0x00000000       0xe6 SERVICES/UART_Services.o
 .debug_info    0x00000000      0x654 SERVICES/UART_Services.o
 .debug_abbrev  0x00000000      0x124 SERVICES/UART_Services.o
 .debug_loc     0x00000000      0x77e SERVICES/UART_Services.o
 .debug_aranges
                0x00000000       0x78 SERVICES/UART_Services.o
 .debug_ranges  0x00000000       0x68 SERVICES/UART_Services.o
 .debug_line    0x00000000      0x37e SERVICES/UART_Services.o
 .debug_str     0x00000000      0x284 SERVICES/UART_Services.o
 .comment       0x00000000       0x31 SERVICES/UART_Services.o
 .debug_frame   0x00000000      0x1d0 SERVICES/UART_Services.o
 .text          0x00000000        0x0 c:/program files (x86)/atmel/studio/7.0/toolchain/avr8/avr8-gnu-toolchain/bin/../lib/gcc/avr/5.4.0/avr5\libgcc.a(_udivmodhi4.o)
 .data          0x00000000        0x0 c:/program files (x86)/atmel/studio/7.0/toolchain/avr8/avr8-gnu-toolchain/bin/../lib/gcc/avr/5.4.0/avr5\libgcc.a(_udivmodhi4.o)
 .bss           0x00000000        0x0 c:/program files (x86)/atmel/studio/7.0/toolchain/avr8/avr8-gnu-toolchain/bin/../lib/gcc/avr/5.4.0/avr5\libgcc.a(_udivmodhi4.o)
 .text.libgcc.mul
                0x00000000        0x0 c:/program files (x86)/atmel/studio/7.0/toolchain/avr8/avr8-gnu-toolchain/bin/../lib/gcc/avr/5.4.0/avr5\libgcc.a(_udivmodhi4.o)
 .text.libgcc.div
                0x00000000       0x28 c:/program files (x86)/atmel/studio/7.0/toolchain/avr8/avr8-gnu-toolchain/bin/../lib/gcc/avr/5.4.0/avr5\libgcc.a(_udivmodhi4.o)
 .text.libgcc   0x00000000        0x0 c:/program files (x86)/atmel/studio/7.0/toolchain/avr8/avr8-gnu-toolchain/bin/../lib/gcc/avr/5.4.0/avr5\libgcc.a(_udivmodhi4.o)
 .text.libgcc.prologue
                0x00000000        0x0 c:/program files (x86)/atmel/studio/7.0/toolchain/avr8/avr8-gnu-toolchain/bin/../lib/gcc/avr/5.4.0/avr5\libgcc.a(_udivmodhi4.o)
 .text.libgcc.builtins
                0x00000000        0x0 c:/program files (x86)/atmel/studio/7.0/toolchain/avr8/avr8-gnu-toolchain/bin/../lib/gcc/avr/5.4.0/avr5\libgcc.a(_udivmodhi4.o)
 .text.libgcc.fmul
                0x00000000        0x0 c:/program files (x86)/atmel/studio/7.0/toolchain/avr8/avr8-gnu-toolchain/bin/../lib/gcc/avr/5.4.0/avr5\libgcc.a(_udivmodhi4.o)
 .text.libgcc.fixed
                0x00000000        0x0 c:/program files (x86)/atmel/studio/7.0/toolchain/avr8/avr8-gnu-toolchain/bin/../lib/gcc/avr/5.4.0/avr5\libgcc.a(_udivmodhi4.o)
 .text          0x00000000        0x0 c:/program files (x86)/atmel/studio/7.0/toolchain/avr8/avr8-gnu-toolchain/bin/../lib/gcc/avr/5.4.0/avr5\libgcc.a(_udivmodsi4.o)
 .data          0x00000000        0x0 c:/program files (x86)/atmel/studio/7.0/toolchain/avr8/avr8-gnu-toolchain/bin/../lib/gcc/avr/5.4.0/avr5\libgcc.a(_udivmodsi4.o)
 .bss           0x00000000        0x0 c:/program files (x86)/atmel/studio/7.0/toolchain/avr8/avr8-gnu-toolchain/bin/../lib/gcc/avr/5.4.0/avr5\libgcc.a(_udivmodsi4.o)
 .text.libgcc.mul
                0x00000000        0x0 c:/program files (x86)/atmel/studio/7.0/toolchain/avr8/avr8-gnu-toolchain/bin/../lib/gcc/avr/5.4.0/avr5\libgcc.a(_udivmodsi4.o)
 .text.libgcc   0x00000000        0x0 c:/program files (x86)/atmel/studio/7.0/toolchain/avr8/avr8-gnu-toolchain/bin/../lib/gcc/avr/5.4.0/avr5\libgcc.a(_udivmodsi4.o)
 .text.libgcc.prologue
                0x00000000        0x0 c:/program files (x86)/atmel/studio/7.0/toolchain/avr8/avr8-gnu-toolchain/bin/../lib/gcc/avr/5.4.0/avr5\libgcc.a(_udivmodsi4.o)
 .text.libgcc.builtins
                0x00000000        0x0 c:/program files (x86)/atmel/studio/7.0/toolchain/avr8/avr8-gnu-toolchain/bin/../lib/gcc/avr/5.4.0/avr5\libgcc.a(_udivmodsi4.o)
 .text.libgcc.fmul
                0x00000000        0x0 c:/program files (x86)/atmel/studio/7.0/toolchain/avr8/avr8-gnu-toolchain/bin/../lib/gcc/avr/5.4.0/avr5\libgcc.a(_udivmodsi4.o)
 .text.libgcc.fixed
                0x00000000        0x0 c:/program files (x86)/atmel/studio/7.0/toolchain/avr8/avr8-gnu-toolchain/bin/../lib/gcc/avr/5.4.0/avr5\libgcc.a(_udivmodsi4.o)
 .text          0x00000000        0x0 c:/program files (x86)/atmel/studio/7.0/toolchain/avr8/avr8-gnu-toolchain/bin/../lib/gcc/avr/5.4.0/avr5\libgcc.a(_divmodsi4.o)
 .data          0x00000000        0x0 c:/program files (x86)/atmel/studio/7.0/toolchain/avr8/avr8-gnu-toolchain/bin/../lib/gcc/avr/5.4.0/avr5\libgcc.a(_divmodsi4.o)
 .bss           0x00000000        0x0 c:/program files (x86)/atmel/studio/7.0/toolchain/avr8/avr8-gnu-toolchain/bin/../lib/gcc/avr/5.4.0/avr5\libgcc.a(_divmodsi4.o)
 .text.libgcc.mul
                0x00000000        0x0 c:/program files (x86)/atmel/studio/7.0/toolchain/avr8/avr8-gnu-toolchain/bin/../lib/gcc/avr/5.4.0/avr5\libgcc.a(_divmodsi4.o)
 .text.libgcc   0x00000000        0x0 c:/program files (x86)/atmel/studio/7.0/toolchain/avr8/avr8-gnu-toolchain/bin/../lib/gcc/avr/5.4.0/avr5\libgcc.a(_divmodsi4.o)
 .text.libgcc.prologue
                0x00000000        0x0 c:/program files (x86)/atmel/studio/7.0/toolchain/avr8/avr8-gnu-toolchain/bin/../lib/gcc/avr/5.4.0/avr5\libgcc.a(_divmodsi4.o)
 .text.libgcc.builtins
                0x00000000        0x0 c:/program files (x86)/atmel/studio/7.0/toolchain/avr8/avr8-gnu-toolchain/bin/../lib/gcc/avr/5.4.0/avr5\libgcc.a(_divmodsi4.o)
 .text.libgcc.fmul
                0x00000000        0x0 c:/program files (x86)/atmel/studio/7.0/toolchain/avr8/avr8-gnu-toolchain/bin/../lib/gcc/avr/5.4.0/avr5\libgcc.a(_divmodsi4.o)
 .text.libgcc.fixed
                0x00000000        0x0 c:/program files (x86)/atmel/studio/7.0/toolchain/avr8/avr8-gnu-toolchain/bin/../lib/gcc/avr/5.4.0/avr5\libgcc.a(_divmodsi4.o)
 .text          0x00000000        0x0 c:/program files (x86)/atmel/studio/7.0/toolchain/avr8/avr8-gnu-toolchain/bin/../lib/gcc/avr/5.4.0/avr5\libgcc.a(_negsi2.o)
 .data          0x00000000        0x0 c:/program files (x86)/atmel/studio/7.0/toolchain/avr8/avr8-gnu-toolchain/bin/../lib/gcc/avr/5.4.0/avr5\libgcc.a(_negsi2.o)
 .bss           0x00000000        0x0 c:/program files (x86)/atmel/studio/7.0/toolchain/avr8/avr8-gnu-toolchain/bin/../lib/gcc/avr/5.4.0/avr5\libgcc.a(_negsi2.o)
 .text.libgcc.mul
                0x00000000        0x0 c:/program files (x86)/atmel/studio/7.0/toolchain/avr8/avr8-gnu-toolchain/bin/../lib/gcc/avr/5.4.0/avr5\libgcc.a(_negsi2.o)
 .text.libgcc   0x00000000        0x0 c:/program files (x86)/atmel/studio/7.0/toolchain/avr8/avr8-gnu-toolchain/bin/../lib/gcc/avr/5.4.0/avr5\libgcc.a(_negsi2.o)
 .text.libgcc.prologue
                0x00000000        0x0 c:/program files (x86)/atmel/studio/7.0/toolchain/avr8/avr8-gnu-toolchain/bin/../lib/gcc/avr/5.4.0/avr5\libgcc.a(_negsi2.o)
 .text.libgcc.builtins
                0x00000000        0x0 c:/program files (x86)/atmel/studio/7.0/toolchain/avr8/avr8-gnu-toolchain/bin/../lib/gcc/avr/5.4.0/avr5\libgcc.a(_negsi2.o)
 .text.libgcc.fmul
                0x00000000        0x0 c:/program files (x86)/atmel/studio/7.0/toolchain/avr8/avr8-gnu-toolchain/bin/../lib/gcc/avr/5.4.0/avr5\libgcc.a(_negsi2.o)
 .text.libgcc.fixed
                0x00000000        0x0 c:/program files (x86)/atmel/studio/7.0/toolchain/avr8/avr8-gnu-toolchain/bin/../lib/gcc/avr/5.4.0/avr5\libgcc.a(_negsi2.o)
 .text          0x00000000        0x0 c:/program files (x86)/atmel/studio/7.0/toolchain/avr8/avr8-gnu-toolchain/bin/../lib/gcc/avr/5.4.0/avr5\libgcc.a(_exit.o)
 .data          0x00000000        0x0 c:/program files (x86)/atmel/studio/7.0/toolchain/avr8/avr8-gnu-toolchain/bin/../lib/gcc/avr/5.4.0/avr5\libgcc.a(_exit.o)
 .bss           0x00000000        0x0 c:/program files (x86)/atmel/studio/7.0/toolchain/avr8/avr8-gnu-toolchain/bin/../lib/gcc/avr/5.4.0/avr5\libgcc.a(_exit.o)
 .text.libgcc.mul
                0x00000000        0x0 c:/program files (x86)/atmel/studio/7.0/toolchain/avr8/avr8-gnu-toolchain/bin/../lib/gcc/avr/5.4.0/avr5\libgcc.a(_exit.o)
 .text.libgcc.div
                0x00000000        0x0 c:/program files (x86)/atmel/studio/7.0/toolchain/avr8/avr8-gnu-toolchain/bin/../lib/gcc/avr/5.4.0/avr5\libgcc.a(_exit.o)
 .text.libgcc   0x00000000        0x0 c:/program files (x86)/atmel/studio/7.0/toolchain/avr8/avr8-gnu-toolchain/bin/../lib/gcc/avr/5.4.0/avr5\libgcc.a(_exit.o)
 .text.libgcc.prologue
                0x00000000        0x0 c:/program files (x86)/atmel/studio/7.0/toolchain/avr8/avr8-gnu-toolchain/bin/../lib/gcc/avr/5.4.0/avr5\libgcc.a(_exit.o)
 .text.libgcc.builtins
                0x00000000        0x0 c:/program files (x86)/atmel/studio/7.0/toolchain/avr8/avr8-gnu-toolchain/bin/../lib/gcc/avr/5.4.0/avr5\libgcc.a(_exit.o)
 .text.libgcc.fmul
                0x00000000        0x0 c:/program files (x86)/atmel/studio/7.0/toolchain/avr8/avr8-gnu-toolchain/bin/../lib/gcc/avr/5.4.0/avr5\libgcc.a(_exit.o)
 .text.libgcc.fixed
                0x00000000        0x0 c:/program files (x86)/atmel/studio/7.0/toolchain/avr8/avr8-gnu-toolchain/bin/../lib/gcc/avr/5.4.0/avr5\libgcc.a(_exit.o)
 .text          0x00000000        0x0 c:/program files (x86)/atmel/studio/7.0/toolchain/avr8/avr8-gnu-toolchain/bin/../lib/gcc/avr/5.4.0/avr5\libgcc.a(_copy_data.o)
 .data          0x00000000        0x0 c:/program files (x86)/atmel/studio/7.0/toolchain/avr8/avr8-gnu-toolchain/bin/../lib/gcc/avr/5.4.0/avr5\libgcc.a(_copy_data.o)
 .bss           0x00000000        0x0 c:/program files (x86)/atmel/studio/7.0/toolchain/avr8/avr8-gnu-toolchain/bin/../lib/gcc/avr/5.4.0/avr5\libgcc.a(_copy_data.o)
 .text.libgcc.mul
                0x00000000        0x0 c:/program files (x86)/atmel/studio/7.0/toolchain/avr8/avr8-gnu-toolchain/bin/../lib/gcc/avr/5.4.0/avr5\libgcc.a(_copy_data.o)
 .text.libgcc.div
                0x00000000        0x0 c:/program files (x86)/atmel/studio/7.0/toolchain/avr8/avr8-gnu-toolchain/bin/../lib/gcc/avr/5.4.0/avr5\libgcc.a(_copy_data.o)
 .text.libgcc   0x00000000        0x0 c:/program files (x86)/atmel/studio/7.0/toolchain/avr8/avr8-gnu-toolchain/bin/../lib/gcc/avr/5.4.0/avr5\libgcc.a(_copy_data.o)
 .text.libgcc.prologue
                0x00000000        0x0 c:/program files (x86)/atmel/studio/7.0/toolchain/avr8/avr8-gnu-toolchain/bin/../lib/gcc/avr/5.4.0/avr5\libgcc.a(_copy_data.o)
 .text.libgcc.builtins
                0x00000000        0x0 c:/program files (x86)/atmel/studio/7.0/toolchain/avr8/avr8-gnu-toolchain/bin/../lib/gcc/avr/5.4.0/avr5\libgcc.a(_copy_data.o)
 .text.libgcc.fmul
                0x00000000        0x0 c:/program files (x86)/atmel/studio/7.0/toolchain/avr8/avr8-gnu-toolchain/bin/../lib/gcc/avr/5.4.0/avr5\libgcc.a(_copy_data.o)
 .text.libgcc.fixed
                0x00000000        0x0 c:/program files (x86)/atmel/studio/7.0/toolchain/avr8/avr8-gnu-toolchain/bin/../lib/gcc/avr/5.4.0/avr5\libgcc.a(_copy_data.o)
 .text          0x00000000        0x0 c:/program files (x86)/atmel/studio/7.0/toolchain/avr8/avr8-gnu-toolchain/bin/../lib/gcc/avr/5.4.0/avr5\libgcc.a(_clear_bss.o)
 .data          0x00000000        0x0 c:/program files (x86)/atmel/studio/7.0/toolchain/avr8/avr8-gnu-toolchain/bin/../lib/gcc/avr/5.4.0/avr5\libgcc.a(_clear_bss.o)
 .bss           0x00000000        0x0 c:/program files (x86)/atmel/studio/7.0/toolchain/avr8/avr8-gnu-toolchain/bin/../lib/gcc/avr/5.4.0/avr5\libgcc.a(_clear_bss.o)
 .text.libgcc.mul
                0x00000000        0x0 c:/program files (x86)/atmel/studio/7.0/toolchain/avr8/avr8-gnu-toolchain/bin/../lib/gcc/avr/5.4.0/avr5\libgcc.a(_clear_bss.o)
 .text.libgcc.div
                0x00000000        0x0 c:/program files (x86)/atmel/studio/7.0/toolchain/avr8/avr8-gnu-toolchain/bin/../lib/gcc/avr/5.4.0/avr5\libgcc.a(_clear_bss.o)
 .text.libgcc   0x00000000        0x0 c:/program files (x86)/atmel/studio/7.0/toolchain/avr8/avr8-gnu-toolchain/bin/../lib/gcc/avr/5.4.0/avr5\libgcc.a(_clear_bss.o)
 .text.libgcc.prologue
                0x00000000        0x0 c:/program files (x86)/atmel/studio/7.0/toolchain/avr8/avr8-gnu-toolchain/bin/../lib/gcc/avr/5.4.0/avr5\libgcc.a(_clear_bss.o)
 .text.libgcc.builtins
                0x00000000        0x0 c:/program files (x86)/atmel/studio/7.0/toolchain/avr8/avr8-gnu-toolchain/bin/../lib/gcc/avr/5.4.0/avr5\libgcc.a(_clear_bss.o)
 .text.libgcc.fmul
                0x00000000        0x0 c:/program files (x86)/atmel/studio/7.0/toolchain/avr8/avr8-gnu-toolchain/bin/../lib/gcc/avr/5.4.0/avr5\libgcc.a(_clear_bss.o)
 .text.libgcc.fixed
                0x00000000        0x0 c:/program files (x86)/atmel/studio/7.0/toolchain/avr8/avr8-gnu-toolchain/bin/../lib/gcc/avr/5.4.0/avr5\libgcc.a(_clear_bss.o)
 .text          0x00000000        0x0 c:/program files (x86)/atmel/studio/7.0/toolchain/avr8/avr8-gnu-toolchain/bin/../lib/gcc/avr/5.4.0/avr5\libgcc.a(_umulhisi3.o)
 .data          0x00000000        0x0 c:/program files (x86)/atmel/studio/7.0/toolchain/avr8/avr8-gnu-toolchain/bin/../lib/gcc/avr/5.4.0/avr5\libgcc.a(_umulhisi3.o)
 .bss           0x00000000        0x0 c:/program files (x86)/atmel/studio/7.0/toolchain/avr8/avr8-gnu-toolchain/bin/../lib/gcc/avr/5.4.0/avr5\libgcc.a(_umulhisi3.o)
 .text.libgcc.div
                0x00000000        0x0 c:/program files (x86)/atmel/studio/7.0/toolchain/avr8/avr8-gnu-toolchain/bin/../lib/gcc/avr/5.4.0/avr5\libgcc.a(_umulhisi3.o)
 .text.libgcc   0x00000000        0x0 c:/program files (x86)/atmel/studio/7.0/toolchain/avr8/avr8-gnu-toolchain/bin/../lib/gcc/avr/5.4.0/avr5\libgcc.a(_umulhisi3.o)
 .text.libgcc.prologue
                0x00000000        0x0 c:/program files (x86)/atmel/studio/7.0/toolchain/avr8/avr8-gnu-toolchain/bin/../lib/gcc/avr/5.4.0/avr5\libgcc.a(_umulhisi3.o)
 .text.libgcc.builtins
                0x00000000        0x0 c:/program files (x86)/atmel/studio/7.0/toolchain/avr8/avr8-gnu-toolchain/bin/../lib/gcc/avr/5.4.0/avr5\libgcc.a(_umulhisi3.o)
 .text.libgcc.fmul
                0x00000000        0x0 c:/program files (x86)/atmel/studio/7.0/toolchain/avr8/avr8-gnu-toolchain/bin/../lib/gcc/avr/5.4.0/avr5\libgcc.a(_umulhisi3.o)
 .text.libgcc.fixed
                0x00000000        0x0 c:/program files (x86)/atmel/studio/7.0/toolchain/avr8/avr8-gnu-toolchain/bin/../lib/gcc/avr/5.4.0/avr5\libgcc.a(_umulhisi3.o)
 .text          0x00000000        0x0 c:/program files (x86)/atmel/studio/7.0/toolchain/avr8/avr8-gnu-toolchain/bin/../lib/gcc/avr/5.4.0/avr5\libgcc.a(_muluhisi3.o)
 .data          0x00000000        0x0 c:/program files (x86)/atmel/studio/7.0/toolchain/avr8/avr8-gnu-toolchain/bin/../lib/gcc/avr/5.4.0/avr5\libgcc.a(_muluhisi3.o)
 .bss           0x00000000        0x0 c:/program files (x86)/atmel/studio/7.0/toolchain/avr8/avr8-gnu-toolchain/bin/../lib/gcc/avr/5.4.0/avr5\libgcc.a(_muluhisi3.o)
 .text.libgcc.mul
                0x00000000       0x16 c:/program files (x86)/atmel/studio/7.0/toolchain/avr8/avr8-gnu-toolchain/bin/../lib/gcc/avr/5.4.0/avr5\libgcc.a(_muluhisi3.o)
 .text.libgcc.div
                0x00000000        0x0 c:/program files (x86)/atmel/studio/7.0/toolchain/avr8/avr8-gnu-toolchain/bin/../lib/gcc/avr/5.4.0/avr5\libgcc.a(_muluhisi3.o)
 .text.libgcc   0x00000000        0x0 c:/program files (x86)/atmel/studio/7.0/toolchain/avr8/avr8-gnu-toolchain/bin/../lib/gcc/avr/5.4.0/avr5\libgcc.a(_muluhisi3.o)
 .text.libgcc.prologue
                0x00000000        0x0 c:/program files (x86)/atmel/studio/7.0/toolchain/avr8/avr8-gnu-toolchain/bin/../lib/gcc/avr/5.4.0/avr5\libgcc.a(_muluhisi3.o)
 .text.libgcc.builtins
                0x00000000        0x0 c:/program files (x86)/atmel/studio/7.0/toolchain/avr8/avr8-gnu-toolchain/bin/../lib/gcc/avr/5.4.0/avr5\libgcc.a(_muluhisi3.o)
 .text.libgcc.fmul
                0x00000000        0x0 c:/program files (x86)/atmel/studio/7.0/toolchain/avr8/avr8-gnu-toolchain/bin/../lib/gcc/avr/5.4.0/avr5\libgcc.a(_muluhisi3.o)
 .text.libgcc.fixed
                0x00000000        0x0 c:/program files (x86)/atmel/studio/7.0/toolchain/avr8/avr8-gnu-toolchain/bin/../lib/gcc/avr/5.4.0/avr5\libgcc.a(_muluhisi3.o)

Memory Configuration

Name             Origin             Length             Attributes
text             0x00000000         0x00008000         xr
data             0x00800060         0x00000800         rw !x
eeprom           0x00810000         0x00000400         rw !x
fuse             0x00820000         0x00000002         rw !x
lock             0x00830000         0x00000400         rw !x
signature        0x00840000         0x00000400         rw !x
user_signatures  0x00850000         0x00000400         rw !x
*default*        0x00000000         0xffffffff

Linker script and memory map

LOAD C:/Program Files (x86)/Atmel/Studio/7.0/Packs/atmel/ATmega_DFP/1.7.374/gcc/dev/atmega32/avr5/crtatmega32.o
LOAD CFG/DIO_Cfg.o
LOAD CFG/EX_Interrupt_Cfg.o
LOAD HAl/KeyPad.o
LOAD HAl/LCD.o
LOAD HAl/MOTOR.o
LOAD HAl/Sensors.o
LOAD main.o
LOAD MCAL/ADC.o
LOAD MCAL/DIO.o
LOAD MCAL/EEPROM.o
LOAD MCAL/EX_Interrupt.o
LOAD MCAL/SPI.o
LOAD MCAL/Timers.o
LOAD MCAL/UART.o
LOAD SERVICES/Timers_Services.o
LOAD SERVICES/UART_Services.o
START GROUP
LOAD c:/program files (x86)/atmel/studio/7.0/toolchain/avr8/avr8-gnu-toolchain/bin/../lib/gcc/avr/5.4.0/../../../../avr/lib/avr5\libm.a
END GROUP
START GROUP
LOAD c:/program files (x86)/atmel/studio/7.0/toolchain/avr8/avr8-gnu-toolchain/bin/../lib/gcc/avr/5.4.0/avr5\libgcc.a
LOAD c:/program files (x86)/atmel/studio/7.0/toolchain/avr8/avr8-gnu-toolchain/bin/../lib/gcc/avr/5.4.0/../../../../avr/lib/avr5\libm.a
LOAD c:/program files (x86)/atmel/studio/7.0/toolchain/avr8/avr8-gnu-toolchain/bin/../lib/gcc/avr/5.4.0/../../../../avr/lib/avr5\libc.a
LOAD C:/Program Files (x86)/Atmel/Studio/7.0/Packs/atmel/ATmega_DFP/1.7.374/gcc/dev/atmega32/avr5\libatmega32.a
END GROUP
                0x00000000                __TEXT_REGION_ORIGIN__ = DEFINED (__TEXT_REGION_ORIGIN__)?__TEXT_REGION_ORIGIN__:0x0
                [0x00800060]                __DATA_REGION_ORIGIN__ = DEFINED (__DATA_REGION_ORIGIN__)?__DATA_REGION_ORIGIN__:0x800060
                [0x00008000]                __TEXT_REGION_LENGTH__ = DEFINED (__TEXT_REGION_LENGTH__)?__TEXT_REGION_LENGTH__:0x20000
                [0x00000800]                __DATA_REGION_LENGTH__ = DEFINED (__DATA_REGION_LENGTH__)?__DATA_REGION_LENGTH__:0xffa0
                [0x00000400]                __EEPROM_REGION_LENGTH__ = DEFINED (__EEPROM_REGION_LENGTH__)?__EEPROM_REGION_LENGTH__:0x10000
                [0x00000002]                __FUSE_REGION_LENGTH__ = DEFINED (__FUSE_REGION_LENGTH__)?__FUSE_REGION_LENGTH__:0x400
                0x00000400                __LOCK_REGION_LENGTH__ = DEFINED (__LOCK_REGION_LENGTH__)?__LOCK_REGION_LENGTH__:0x400
                0x00000400                __SIGNATURE_REGION_LENGTH__ = DEFINED (__SIGNATURE_REGION_LENGTH__)?__SIGNATURE_REGION_LENGTH__:0x400
                0x00000400                __USER_SIGNATURE_REGION_LENGTH__ = DEFINED (__USER_SIGNATURE_REGION_LENGTH__)?__USER_SIGNATURE_REGION_LENGTH__:0x400

.hash
 *(.hash)

.dynsym
 *(.dynsym)

.dynstr
 *(.dynstr)

.gnu.version
 *(.gnu.version)

.gnu.version_d
 *(.gnu.version_d)

.gnu.version_r
 *(.gnu.version_r)

.rel.init
 *(.rel.init)

.rela.init
 *(.rela.init)

.rel.text
 *(.rel.text)
 *(.rel.text.*)
 *(.rel.gnu.linkonce.t*)

.rela.text
 *(.rela.text)
 *(.rela.text.*)
 *(.rela.gnu.linkonce.t*)

.rel.fini
 *(.rel.fini)

.rela.fini
 *(.rela.fini)

.rel.rodata
 *(.rel.rodata)
 *(.rel.rodata.*)
 *(.rel.gnu.linkonce.r*)

.rela.rodata
 *(.rela.rodata)
 *(.rela.rodata.*)
 *(.rela.gnu.linkonce.r*)

.rel.data
 *(.rel.data)
 *(.rel.data.*)
 *(.rel.gnu.linkonce.d*)

.rela.data
 *(.rela.data)
 *(.rela.data.*)
 *(.rela.gnu.linkonce.d*)

.rel.ctors
 *(.rel.ctors)

.rela.ctors
 *(.rela.ctors)

.rel.dtors
 *(.rel.dtors)

.rela.dtors
 *(.rela.dtors)

.rel.got
 *(.rel.got)

.rela.got
 *(.rela.got)

.rel.bss
 *(.rel.bss)

.rela.bss
 *(.rela.bss)

.rel.plt
 *(.rel.plt)

.rela.plt
 *(.rela.plt)

.text           0x00000000      0xf6e
 *(.vectors)
 .vectors       0x00000000       0x54 C:/Program Files (x86)/Atmel/Studio/7.0/Packs/atmel/ATmega_DFP/1.7.374/gcc/dev/atmega32/avr5/crtatmega32.o
                0x00000000                __vector_default
                0x00000000                __vectors
 *(.vectors)
 *(.progmem.gcc*)
                0x00000054                . = ALIGN (0x2)
                0x00000054                __trampolines_start = .
 *(.trampolines)
 .trampolines   0x00000054        0x0 linker stubs
 *(.trampolines*)
                0x00000054                __trampolines_end = .
 *libprintf_flt.a:*(.progmem.data)
 *libc.a:*(.progmem.data)
 *(.progmem*)
                0x00000054                . = ALIGN (0x2)
 *(.jumptables)
 *(.jumptables*)
 *(.lowtext)
 *(.lowtext*)
                0x00000054                __ctors_start = .
 *(.ctors)
                0x00000054                __ctors_end = .
                0x00000054                __dtors_start = .
 *(.dtors)
                0x00000054                __dtors_end = .
 SORT(*)(.ctors)
 SORT(*)(.dtors)
 *(.init0)
 .init0         0x00000054        0x0 C:/Program Files (x86)/Atmel/Studio/7.0/Packs/atmel/ATmega_DFP/1.7.374/gcc/dev/atmega32/avr5/crtatmega32.o
                0x00000054                __init
 *(.init0)
 *(.init1)
 *(.init1)
 *(.init2)
 .init2         0x00000054        0xc C:/Program Files (x86)/Atmel/Studio/7.0/Packs/atmel/ATmega_DFP/1.7.374/gcc/dev/atmega32/avr5/crtatmega32.o
 *(.init2)
 *(.init3)
 *(.init3)
 *(.init4)
 .init4         0x00000060       0x16 c:/program files (x86)/atmel/studio/7.0/toolchain/avr8/avr8-gnu-toolchain/bin/../lib/gcc/avr/5.4.0/avr5\libgcc.a(_copy_data.o)
                0x00000060                __do_copy_data
 .init4         0x00000076       0x10 c:/program files (x86)/atmel/studio/7.0/toolchain/avr8/avr8-gnu-toolchain/bin/../lib/gcc/avr/5.4.0/avr5\libgcc.a(_clear_bss.o)
                0x00000076                __do_clear_bss
 *(.init4)
 *(.init5)
 *(.init5)
 *(.init6)
 *(.init6)
 *(.init7)
 *(.init7)
 *(.init8)
 *(.init8)
 *(.init9)
 .init9         0x00000086        0x8 C:/Program Files (x86)/Atmel/Studio/7.0/Packs/atmel/ATmega_DFP/1.7.374/gcc/dev/atmega32/avr5/crtatmega32.o
 *(.init9)
 *(.text)
 .text          0x0000008e        0x4 C:/Program Files (x86)/Atmel/Studio/7.0/Packs/atmel/ATmega_DFP/1.7.374/gcc/dev/atmega32/avr5/crtatmega32.o
                0x0000008e                __vector_12
                0x0000008e                __bad_interrupt
                0x0000008e                __vector_11
                0x0000008e                __vector_17
                0x0000008e                __vector_19
                0x0000008e                __vector_5
                0x0000008e                __vector_4
                0x0000008e                __vector_14
                0x0000008e                __vector_10
                0x0000008e                __vector_16
                0x0000008e                __vector_18
                0x0000008e                __vector_20
                0x00000092                . = ALIGN (0x2)
 *(.text.*)
 .text.KEYPAD_Init
                0x00000092       0x1a HAl/KeyPad.o
                0x00000092                KEYPAD_Init
 .text.WriteData
                0x000000ac       0xc0 HAl/LCD.o
 .text.WriteIns
                0x0000016c       0xc0 HAl/LCD.o
                0x0000016c                WriteIns
 .text.LCD_Init
                0x0000022c       0x3e HAl/LCD.o
                0x0000022c                LCD_Init
 .text.LCD_GoTo
                0x0000026a       0x1c HAl/LCD.o
                0x0000026a                LCD_GoTo
 .text.LCD_WriteChar
                0x00000286        0x6 HAl/LCD.o
                0x00000286                LCD_WriteChar
 .text.LCD_WriteString
                0x0000028c       0x26 HAl/LCD.o
                0x0000028c                LCD_WriteString
 .text.LCD_WriteNumber
                0x000002b2       0xc6 HAl/LCD.o
                0x000002b2                LCD_WriteNumber
 .text.TEMP_Read
                0x00000378       0x1e HAl/Sensors.o
                0x00000378                TEMP_Read
 .text.ON_OFF   0x00000396        0xc main.o
                0x00000396                ON_OFF
 .text.Increase_Temp
                0x000003a2       0x30 main.o
                0x000003a2                Increase_Temp
 .text.decrease_Temp
                0x000003d2       0x30 main.o
                0x000003d2                decrease_Temp
 .text.Sensor_Read
                0x00000402       0x2e main.o
                0x00000402                Sensor_Read
 .text.main     0x00000430      0x16c main.o
                0x00000430                main
 .text.ADC_Init
                0x0000059c       0x4a MCAL/ADC.o
                0x0000059c                ADC_Init
 .text.ADC_Read
                0x000005e6       0x1c MCAL/ADC.o
                0x000005e6                ADC_Read
 .text.ADC_VoltRead
                0x00000602       0x1e MCAL/ADC.o
                0x00000602                ADC_VoltRead
 .text.DIO_InitPin
                0x00000620      0x1fa MCAL/DIO.o
 .text.DIO_Init
                0x0000081a       0x20 MCAL/DIO.o
                0x0000081a                DIO_Init
 .text.DIO_WritePin
                0x0000083a      0x106 MCAL/DIO.o
                0x0000083a                DIO_WritePin
 .text.DIO_TogglePin
                0x00000940       0x82 MCAL/DIO.o
                0x00000940                DIO_TogglePin
 .text.EEPROM_write
                0x000009c2       0x18 MCAL/EEPROM.o
                0x000009c2                EEPROM_write
 .text.EEPROM_read
                0x000009da       0x12 MCAL/EEPROM.o
                0x000009da                EEPROM_read
 .text.EXI_Enable
                0x000009ec       0x24 MCAL/EX_Interrupt.o
                0x000009ec                EXI_Enable
 .text.EXI_TriggerEdge
                0x00000a10       0xc0 MCAL/EX_Interrupt.o
                0x00000a10                EXI_TriggerEdge
 .text.EXI_Init
                0x00000ad0       0x1a MCAL/EX_Interrupt.o
                0x00000ad0                EXI_Init
 .text.EXI_SetCallBack
                0x00000aea       0x2a MCAL/EX_Interrupt.o
                0x00000aea                EXI_SetCallBack
 .text.__vector_1
                0x00000b14       0x52 MCAL/EX_Interrupt.o
                0x00000b14                __vector_1
 .text.__vector_2
                0x00000b66       0x54 MCAL/EX_Interrupt.o
                0x00000b66                __vector_2
 .text.__vector_3
                0x00000bba       0x52 MCAL/EX_Interrupt.o
                0x00000bba                __vector_3
 .text.Timer1_Init
                0x00000c0c       0xa8 MCAL/Timers.o
                0x00000c0c                Timer1_Init
 .text.Timer1_OVF_InterruptEnable
                0x00000cb4        0x8 MCAL/Timers.o
                0x00000cb4                Timer1_OVF_InterruptEnable
 .text.Timer1_OVF_SetCallBack
                0x00000cbc        0xa MCAL/Timers.o
                0x00000cbc                Timer1_OVF_SetCallBack
 .text.__vector_9
                0x00000cc6       0x52 MCAL/Timers.o
                0x00000cc6                __vector_9
 .text.__vector_7
                0x00000d18       0x52 MCAL/Timers.o
                0x00000d18                __vector_7
 .text.__vector_8
                0x00000d6a       0x52 MCAL/Timers.o
                0x00000d6a                __vector_8
 .text.__vector_6
                0x00000dbc       0x52 MCAL/Timers.o
                0x00000dbc                __vector_6
 .text.UART_Init
                0x00000e0e       0x18 MCAL/UART.o
                0x00000e0e                UART_Init
 .text.__vector_13
                0x00000e26       0x52 MCAL/UART.o
                0x00000e26                __vector_13
 .text.__vector_15
                0x00000e78       0x52 MCAL/UART.o
                0x00000e78                __vector_15
 .text.libgcc.div
                0x00000eca       0x44 c:/program files (x86)/atmel/studio/7.0/toolchain/avr8/avr8-gnu-toolchain/bin/../lib/gcc/avr/5.4.0/avr5\libgcc.a(_udivmodsi4.o)
                0x00000eca                __udivmodsi4
 .text.libgcc.div
                0x00000f0e       0x2e c:/program files (x86)/atmel/studio/7.0/toolchain/avr8/avr8-gnu-toolchain/bin/../lib/gcc/avr/5.4.0/avr5\libgcc.a(_divmodsi4.o)
                0x00000f0e                __divmodsi4
 .text.libgcc.div
                0x00000f3c       0x10 c:/program files (x86)/atmel/studio/7.0/toolchain/avr8/avr8-gnu-toolchain/bin/../lib/gcc/avr/5.4.0/avr5\libgcc.a(_negsi2.o)
                0x00000f3c                __negsi2
 .text.libgcc.mul
                0x00000f4c       0x1e c:/program files (x86)/atmel/studio/7.0/toolchain/avr8/avr8-gnu-toolchain/bin/../lib/gcc/avr/5.4.0/avr5\libgcc.a(_umulhisi3.o)
                0x00000f4c                __umulhisi3
                0x00000f6a                . = ALIGN (0x2)
 *(.fini9)
 .fini9         0x00000f6a        0x0 c:/program files (x86)/atmel/studio/7.0/toolchain/avr8/avr8-gnu-toolchain/bin/../lib/gcc/avr/5.4.0/avr5\libgcc.a(_exit.o)
                0x00000f6a                _exit
                0x00000f6a                exit
 *(.fini9)
 *(.fini8)
 *(.fini8)
 *(.fini7)
 *(.fini7)
 *(.fini6)
 *(.fini6)
 *(.fini5)
 *(.fini5)
 *(.fini4)
 *(.fini4)
 *(.fini3)
 *(.fini3)
 *(.fini2)
 *(.fini2)
 *(.fini1)
 *(.fini1)
 *(.fini0)
 .fini0         0x00000f6a        0x4 c:/program files (x86)/atmel/studio/7.0/toolchain/avr8/avr8-gnu-toolchain/bin/../lib/gcc/avr/5.4.0/avr5\libgcc.a(_exit.o)
 *(.fini0)
                0x00000f6e                _etext = .

.data           0x00800060       0x3a load address 0x00000f6e
                0x00800060                PROVIDE (__data_start, .)
 *(.data)
 *(.data*)
 .data.flag     0x00800060        0x1 main.o
                0x00800060                flag
 .data.desired_temp
                0x00800061        0x1 main.o
                0x00800061                desired_temp
 *(.gnu.linkonce.d*)
 *(.rodata)
 *(.rodata*)
 .rodata.DIO_PinsStatusArr
                0x00800062       0x20 CFG/DIO_Cfg.o
                0x00800062                DIO_PinsStatusArr
 .rodata.str1.1
                0x00800082       0x17 main.o
 *(.gnu.linkonce.r*)
                0x0080009a                . = ALIGN (0x2)
 *fill*         0x00800099        0x1 
                0x0080009a                _edata = .
                0x0080009a                PROVIDE (__data_end, .)

.bss            0x0080009a       0x15
                0x0080009a                PROVIDE (__bss_start, .)
 *(.bss)
 *(.bss*)
 .bss.c.2121    0x0080009a        0x1 main.o
 .bss.temp      0x0080009b        0x2 main.o
                0x0080009b                temp
 .bss.INT2_Fptr
                0x0080009d        0x2 MCAL/EX_Interrupt.o
 .bss.INT1_Fptr
                0x0080009f        0x2 MCAL/EX_Interrupt.o
 .bss.INT0_Fptr
                0x008000a1        0x2 MCAL/EX_Interrupt.o
 .bss.Timer1_ICU_Fptr
                0x008000a3        0x2 MCAL/Timers.o
 .bss.Timer1_OCB_Fptr
                0x008000a5        0x2 MCAL/Timers.o
 .bss.Timer1_OCA_Fptr
                0x008000a7        0x2 MCAL/Timers.o
 .bss.Timer1_OVF_Fptr
                0x008000a9        0x2 MCAL/Timers.o
 .bss.UART_TX_Fptr
                0x008000ab        0x2 MCAL/UART.o
 .bss.UART_RX_Fptr
                0x008000ad        0x2 MCAL/UART.o
 *(COMMON)
                0x008000af                PROVIDE (__bss_end, .)
                0x00000f6e                __data_load_start = LOADADDR (.data)
                0x00000fa8                __data_load_end = (__data_load_start + SIZEOF (.data))

.noinit         0x008000af        0x0
                [!provide]                PROVIDE (__noinit_start, .)
 *(.noinit*)
                [!provide]                PROVIDE (__noinit_end, .)
                0x008000af                _end = .
                [!provide]                PROVIDE (__heap_start, .)

.eeprom         0x00810000        0x0
 *(.eeprom*)
                0x00810000                __eeprom_end = .

.fuse
 *(.fuse)
 *(.lfuse)
 *(.hfuse)
 *(.efuse)

.lock
 *(.lock*)

.signature
 *(.signature*)

.user_signatures
 *(.user_signatures*)

.stab
 *(.stab)

.stabstr
 *(.stabstr)

.stab.excl
 *(.stab.excl)

.stab.exclstr
 *(.stab.exclstr)

.stab.index
 *(.stab.index)

.stab.indexstr
 *(.stab.indexstr)

.comment        0x00000000       0x30
 *(.comment)
 .comment       0x00000000       0x30 CFG/DIO_Cfg.o
                                 0x31 (size before relaxing)
 .comment       0x00000030       0x31 HAl/KeyPad.o
 .comment       0x00000030       0x31 HAl/LCD.o
 .comment       0x00000030       0x31 HAl/Sensors.o
 .comment       0x00000030       0x31 main.o
 .comment       0x00000030       0x31 MCAL/ADC.o
 .comment       0x00000030       0x31 MCAL/DIO.o
 .comment       0x00000030       0x31 MCAL/EEPROM.o
 .comment       0x00000030       0x31 MCAL/EX_Interrupt.o
 .comment       0x00000030       0x31 MCAL/Timers.o
 .comment       0x00000030       0x31 MCAL/UART.o

.note.gnu.avr.deviceinfo
                0x00000000       0x3c
 .note.gnu.avr.deviceinfo
                0x00000000       0x3c C:/Program Files (x86)/Atmel/Studio/7.0/Packs/atmel/ATmega_DFP/1.7.374/gcc/dev/atmega32/avr5/crtatmega32.o

.note.gnu.build-id
 *(.note.gnu.build-id)

.debug
 *(.debug)

.line
 *(.line)

.debug_srcinfo
 *(.debug_srcinfo)

.debug_sfnames
 *(.debug_sfnames)

.debug_aranges  0x00000000      0x3c8
 *(.debug_aranges)
 .debug_aranges
                0x00000000       0x18 CFG/DIO_Cfg.o
 .debug_aranges
                0x00000018       0x28 HAl/KeyPad.o
 .debug_aranges
                0x00000040       0x88 HAl/LCD.o
 .debug_aranges
                0x000000c8       0x30 HAl/Sensors.o
 .debug_aranges
                0x000000f8       0x40 main.o
 .debug_aranges
                0x00000138       0x50 MCAL/ADC.o
 .debug_aranges
                0x00000188       0x50 MCAL/DIO.o
 .debug_aranges
                0x000001d8       0x28 MCAL/EEPROM.o
 .debug_aranges
                0x00000200       0x58 MCAL/EX_Interrupt.o
 .debug_aranges
                0x00000258       0xe8 MCAL/Timers.o
 .debug_aranges
                0x00000340       0x88 MCAL/UART.o

.debug_pubnames
 *(.debug_pubnames)

.debug_info     0x00000000     0x30f9
 *(.debug_info .gnu.linkonce.wi.*)
 .debug_info    0x00000000      0x4e6 C:/Program Files (x86)/Atmel/Studio/7.0/Packs/atmel/ATmega_DFP/1.7.374/gcc/dev/atmega32/avr5/crtatmega32.o
 .debug_info    0x000004e6      0x17f CFG/DIO_Cfg.o
 .debug_info    0x00000665      0x362 HAl/KeyPad.o
 .debug_info    0x000009c7      0xc67 HAl/LCD.o
 .debug_info    0x0000162e      0x185 HAl/Sensors.o
 .debug_info    0x000017b3      0x73a main.o
 .debug_info    0x00001eed      0x2b2 MCAL/ADC.o
 .debug_info    0x0000219f      0x409 MCAL/DIO.o
 .debug_info    0x000025a8       0xed MCAL/EEPROM.o
 .debug_info    0x00002695      0x272 MCAL/EX_Interrupt.o
 .debug_info    0x00002907      0x59b MCAL/Timers.o
 .debug_info    0x00002ea2      0x257 MCAL/UART.o

.debug_abbrev   0x00000000     0x102b
 *(.debug_abbrev)
 .debug_abbrev  0x00000000      0x4a3 C:/Program Files (x86)/Atmel/Studio/7.0/Packs/atmel/ATmega_DFP/1.7.374/gcc/dev/atmega32/avr5/crtatmega32.o
 .debug_abbrev  0x000004a3       0x6a CFG/DIO_Cfg.o
 .debug_abbrev  0x0000050d      0x174 HAl/KeyPad.o
 .debug_abbrev  0x00000681      0x1be HAl/LCD.o
 .debug_abbrev  0x0000083f       0xd2 HAl/Sensors.o
 .debug_abbrev  0x00000911      0x113 main.o
 .debug_abbrev  0x00000a24      0x10a MCAL/ADC.o
 .debug_abbrev  0x00000b2e      0x1c0 MCAL/DIO.o
 .debug_abbrev  0x00000cee       0x8b MCAL/EEPROM.o
 .debug_abbrev  0x00000d79       0xe4 MCAL/EX_Interrupt.o
 .debug_abbrev  0x00000e5d       0xd8 MCAL/Timers.o
 .debug_abbrev  0x00000f35       0xf6 MCAL/UART.o

.debug_line     0x00000000     0x1aad
 *(.debug_line .debug_line.* .debug_line_end)
 .debug_line    0x00000000      0x116 C:/Program Files (x86)/Atmel/Studio/7.0/Packs/atmel/ATmega_DFP/1.7.374/gcc/dev/atmega32/avr5/crtatmega32.o
 .debug_line    0x00000116       0x48 CFG/DIO_Cfg.o
 .debug_line    0x0000015e      0x205 HAl/KeyPad.o
 .debug_line    0x00000363      0x504 HAl/LCD.o
 .debug_line    0x00000867       0xb4 HAl/Sensors.o
 .debug_line    0x0000091b      0x28f main.o
 .debug_line    0x00000baa      0x1af MCAL/ADC.o
 .debug_line    0x00000d59      0x412 MCAL/DIO.o
 .debug_line    0x0000116b       0xa1 MCAL/EEPROM.o
 .debug_line    0x0000120c      0x24e MCAL/EX_Interrupt.o
 .debug_line    0x0000145a      0x47e MCAL/Timers.o
 .debug_line    0x000018d8      0x1d5 MCAL/UART.o

.debug_frame    0x00000000      0x990
 *(.debug_frame)
 .debug_frame   0x00000000       0x58 HAl/KeyPad.o
 .debug_frame   0x00000058      0x188 HAl/LCD.o
 .debug_frame   0x000001e0       0x44 HAl/Sensors.o
 .debug_frame   0x00000224       0x64 main.o
 .debug_frame   0x00000288       0x84 MCAL/ADC.o
 .debug_frame   0x0000030c       0x8c MCAL/DIO.o
 .debug_frame   0x00000398       0x34 MCAL/EEPROM.o
 .debug_frame   0x000003cc      0x16c MCAL/EX_Interrupt.o
 .debug_frame   0x00000538      0x2d4 MCAL/Timers.o
 .debug_frame   0x0000080c      0x184 MCAL/UART.o

.debug_str      0x00000000     0x1013
 *(.debug_str)
 .debug_str     0x00000000      0x196 C:/Program Files (x86)/Atmel/Studio/7.0/Packs/atmel/ATmega_DFP/1.7.374/gcc/dev/atmega32/avr5/crtatmega32.o
 .debug_str     0x00000196      0x21c CFG/DIO_Cfg.o
                                0x248 (size before relaxing)
 .debug_str     0x000003b2       0xc0 HAl/KeyPad.o
                                0x2ca (size before relaxing)
 .debug_str     0x00000472       0xea HAl/LCD.o
                                0x37b (size before relaxing)
 .debug_str     0x0000055c       0x78 HAl/Sensors.o
                                0x1a6 (size before relaxing)
 .debug_str     0x000005d4      0x28f main.o
                                0x514 (size before relaxing)
 .debug_str     0x00000863       0xa8 MCAL/ADC.o
                                0x2cd (size before relaxing)
 .debug_str     0x0000090b       0x78 MCAL/DIO.o
                                0x320 (size before relaxing)
 .debug_str     0x00000983       0x22 MCAL/EEPROM.o
                                0x196 (size before relaxing)
 .debug_str     0x000009a5       0xe1 MCAL/EX_Interrupt.o
                                0x27d (size before relaxing)
 .debug_str     0x00000a86      0x472 MCAL/Timers.o
                                0x728 (size before relaxing)
 .debug_str     0x00000ef8      0x11b MCAL/UART.o
                                0x295 (size before relaxing)

.debug_loc      0x00000000     0x21e0
 *(.debug_loc)
 .debug_loc     0x00000000      0x190 HAl/KeyPad.o
 .debug_loc     0x00000190      0x99f HAl/LCD.o
 .debug_loc     0x00000b2f       0x67 HAl/Sensors.o
 .debug_loc     0x00000b96      0x142 MCAL/ADC.o
 .debug_loc     0x00000cd8      0x8f3 MCAL/DIO.o
 .debug_loc     0x000015cb       0x58 MCAL/EEPROM.o
 .debug_loc     0x00001623      0x422 MCAL/EX_Interrupt.o
 .debug_loc     0x00001a45      0x5dd MCAL/Timers.o
 .debug_loc     0x00002022      0x1be MCAL/UART.o

.debug_macinfo
 *(.debug_macinfo)

.debug_weaknames
 *(.debug_weaknames)

.debug_funcnames
 *(.debug_funcnames)

.debug_typenames
 *(.debug_typenames)

.debug_varnames
 *(.debug_varnames)

.debug_pubtypes
 *(.debug_pubtypes)

.debug_ranges   0x00000000      0x310
 *(.debug_ranges)
 .debug_ranges  0x00000000       0x18 HAl/KeyPad.o
 .debug_ranges  0x00000018       0x78 HAl/LCD.o
 .debug_ranges  0x00000090       0x20 HAl/Sensors.o
 .debug_ranges  0x000000b0       0x30 main.o
 .debug_ranges  0x000000e0       0x40 MCAL/ADC.o
 .debug_ranges  0x00000120       0x40 MCAL/DIO.o
 .debug_ranges  0x00000160       0x18 MCAL/EEPROM.o
 .debug_ranges  0x00000178       0x48 MCAL/EX_Interrupt.o
 .debug_ranges  0x000001c0       0xd8 MCAL/Timers.o
 .debug_ranges  0x00000298       0x78 MCAL/UART.o

.debug_macro
 *(.debug_macro)
OUTPUT(Smart_Home.elf elf32-avr)
LOAD linker stubs
